\BOOKMARK [0][-]{chapter.1}{firstTest}{}% 1
\BOOKMARK [1][-]{section.1.1}{SubTest}{chapter.1}% 2
